50.000000 centiglob = 0.500000 decaglob
5.600000 second = 1.555556e-03 hour
No conversion is possible.
5.600000 second = 6.481481e-05 day
No conversion is possible.
1.000000 hour = 3600.000000 second
1.000000 year = 3.155760e+07 second
